build/tests/Testing/Temporary/LastTest.log